src/contexts/LocalizationContext.tsx(1,10): error TS2300: Duplicate identifier 'createContext'.
src/contexts/LocalizationContext.tsx(1,25): error TS2300: Duplicate identifier 'useContext'.
src/contexts/LocalizationContext.tsx(1,37): error TS2300: Duplicate identifier 'useEffect'.
src/contexts/LocalizationContext.tsx(1,48): error TS2300: Duplicate identifier 'useMemo'.
src/contexts/LocalizationContext.tsx(1,57): error TS2300: Duplicate identifier 'useState'.
src/contexts/LocalizationContext.tsx(2,15): error TS2300: Duplicate identifier 'Language'.
src/contexts/LocalizationContext.tsx(2,25): error TS2300: Duplicate identifier 'Currency'.
src/contexts/LocalizationContext.tsx(2,35): error TS2300: Duplicate identifier 'LocalizationData'.
src/contexts/LocalizationContext.tsx(3,10): error TS2300: Duplicate identifier 'getLocalizationData'.
src/contexts/LocalizationContext.tsx(5,6): error TS2300: Duplicate identifier 'LocalizationContextValue'.
src/contexts/LocalizationContext.tsx(15,7): error TS2451: Cannot redeclare block-scoped variable 'LocalizationContext'.
src/contexts/LocalizationContext.tsx(20,14): error TS2451: Cannot redeclare block-scoped variable 'LocalizationProvider'.
src/contexts/LocalizationContext.tsx(93,14): error TS2451: Cannot redeclare block-scoped variable 'useLocalization'.
src/contexts/LocalizationContext.tsx(100,10): error TS2300: Duplicate identifier 'createContext'.
src/contexts/LocalizationContext.tsx(100,25): error TS2300: Duplicate identifier 'useContext'.
src/contexts/LocalizationContext.tsx(100,37): error TS2300: Duplicate identifier 'useEffect'.
src/contexts/LocalizationContext.tsx(100,48): error TS2300: Duplicate identifier 'useMemo'.
src/contexts/LocalizationContext.tsx(100,57): error TS2300: Duplicate identifier 'useState'.
src/contexts/LocalizationContext.tsx(101,10): error TS2300: Duplicate identifier 'Currency'.
src/contexts/LocalizationContext.tsx(101,20): error TS2300: Duplicate identifier 'Language'.
src/contexts/LocalizationContext.tsx(101,30): error TS2300: Duplicate identifier 'LocalizationData'.
src/contexts/LocalizationContext.tsx(102,10): error TS2300: Duplicate identifier 'getLocalizationData'.
src/contexts/LocalizationContext.tsx(105,6): error TS2300: Duplicate identifier 'LocalizationContextValue'.
src/contexts/LocalizationContext.tsx(115,7): error TS2451: Cannot redeclare block-scoped variable 'LocalizationContext'.
src/contexts/LocalizationContext.tsx(120,14): error TS2451: Cannot redeclare block-scoped variable 'LocalizationProvider'.
src/contexts/LocalizationContext.tsx(175,9): error TS2353: Object literal may only specify known properties, and 'refresh' does not exist in type 'LocalizationContextValue'.
src/contexts/LocalizationContext.tsx(183,14): error TS2451: Cannot redeclare block-scoped variable 'useLocalization'.
src/pages/dashboard/AddBuyerOrder.tsx(141,99): error TS2339: Property 'order' does not exist on type 'ApiResponse<Order>'.
src/pages/dashboard/BuyerDashboard.tsx(331,70): error TS2881: This expression is never nullish.
src/pages/dashboard/BuyerFavorites.tsx(266,32): error TS2339: Property 'rating' does not exist on type 'Product'.
src/pages/dashboard/BuyerFavorites.tsx(270,76): error TS2339: Property 'rating' does not exist on type 'Product'.
src/pages/dashboard/BuyerFavorites.tsx(272,36): error TS2339: Property 'reviews' does not exist on type 'Product'.
src/pages/dashboard/BuyerFavorites.tsx(273,95): error TS2339: Property 'reviews' does not exist on type 'Product'.
src/pages/dashboard/BuyerOrders.tsx(720,27): error TS2367: This comparison appears to be unintentional because the types '"PENDING" | "PROCESSING" | "COMPLETED" | "FAILED" | "REFUNDING"' and '"PAID"' have no overlap.
src/pages/dashboard/BuyerSettingsPage.tsx(133,23): error TS2339: Property 'emailVerified' does not exist on type 'User'.
src/pages/dashboard/MemberContributions.tsx(51,24): error TS2345: Argument of type 'MemberContribution[]' is not assignable to parameter of type 'SetStateAction<Contribution[]>'.
  Type 'MemberContribution[]' is not assignable to type 'Contribution[]'.
    Property 'createdAt' is missing in type 'MemberContribution' but required in type 'Contribution'.
src/pages/dashboard/MemberContributions.tsx(220,39): error TS2339: Property 'type' does not exist on type 'Contribution'.
src/pages/dashboard/SecretaryTransactions.tsx(12,43): error TS2304: Cannot find name 'useState'.
src/pages/dashboard/SecretaryTransactions.tsx(13,33): error TS2304: Cannot find name 'useState'.
src/pages/dashboard/SecretaryTransactions.tsx(14,57): error TS2304: Cannot find name 'useState'.
src/pages/dashboard/SecretaryTransactions.tsx(15,53): error TS2304: Cannot find name 'useState'.
src/pages/dashboard/SecretaryTransactions.tsx(16,33): error TS2304: Cannot find name 'useState'.
src/pages/dashboard/SecretaryTransactions.tsx(27,21): error TS2304: Cannot find name 'useToast'.
src/pages/dashboard/SecretaryTransactions.tsx(29,3): error TS2304: Cannot find name 'useEffect'.
src/pages/dashboard/SecretaryTransactions.tsx(36,32): error TS2304: Cannot find name 'getProfile'.
src/pages/dashboard/SecretaryTransactions.tsx(48,30): error TS2552: Cannot find name 'getTransactions'. Did you mean 'setTransactions'?
src/pages/dashboard/SecretaryTransactions.tsx(70,30): error TS2552: Cannot find name 'getTransactionById'. Did you mean 'transactionId'?
src/pages/dashboard/SecretaryTransactions.tsx(128,10): error TS2304: Cannot find name 'Card'.
src/pages/dashboard/SecretaryTransactions.tsx(129,12): error TS2304: Cannot find name 'CardContent'.
src/pages/dashboard/SecretaryTransactions.tsx(137,13): error TS2304: Cannot find name 'CardContent'.
src/pages/dashboard/SecretaryTransactions.tsx(138,11): error TS2304: Cannot find name 'Card'.
src/pages/dashboard/SecretaryTransactions.tsx(139,10): error TS2304: Cannot find name 'Card'.
src/pages/dashboard/SecretaryTransactions.tsx(140,12): error TS2304: Cannot find name 'CardContent'.
src/pages/dashboard/SecretaryTransactions.tsx(148,13): error TS2304: Cannot find name 'CardContent'.
src/pages/dashboard/SecretaryTransactions.tsx(149,11): error TS2304: Cannot find name 'Card'.
src/pages/dashboard/SecretaryTransactions.tsx(150,10): error TS2304: Cannot find name 'Card'.
src/pages/dashboard/SecretaryTransactions.tsx(151,12): error TS2304: Cannot find name 'CardContent'.
src/pages/dashboard/SecretaryTransactions.tsx(159,13): error TS2304: Cannot find name 'CardContent'.
src/pages/dashboard/SecretaryTransactions.tsx(160,11): error TS2304: Cannot find name 'Card'.
src/pages/dashboard/SecretaryTransactions.tsx(161,10): error TS2304: Cannot find name 'Card'.
src/pages/dashboard/SecretaryTransactions.tsx(162,12): error TS2304: Cannot find name 'CardContent'.
src/pages/dashboard/SecretaryTransactions.tsx(172,13): error TS2304: Cannot find name 'CardContent'.
src/pages/dashboard/SecretaryTransactions.tsx(173,11): error TS2304: Cannot find name 'Card'.
src/pages/dashboard/SecretaryTransactions.tsx(177,8): error TS2304: Cannot find name 'Card'.
src/pages/dashboard/SecretaryTransactions.tsx(178,10): error TS2304: Cannot find name 'CardContent'.
src/pages/dashboard/SecretaryTransactions.tsx(182,16): error TS2304: Cannot find name 'Select'.
src/pages/dashboard/SecretaryTransactions.tsx(183,18): error TS2304: Cannot find name 'SelectTrigger'.
src/pages/dashboard/SecretaryTransactions.tsx(184,20): error TS2304: Cannot find name 'SelectValue'.
src/pages/dashboard/SecretaryTransactions.tsx(185,19): error TS2304: Cannot find name 'SelectTrigger'.
src/pages/dashboard/SecretaryTransactions.tsx(186,18): error TS2304: Cannot find name 'SelectContent'.
src/pages/dashboard/SecretaryTransactions.tsx(187,20): error TS2304: Cannot find name 'SelectItem'.
src/pages/dashboard/SecretaryTransactions.tsx(187,54): error TS2304: Cannot find name 'SelectItem'.
src/pages/dashboard/SecretaryTransactions.tsx(188,20): error TS2304: Cannot find name 'SelectItem'.
src/pages/dashboard/SecretaryTransactions.tsx(188,54): error TS2304: Cannot find name 'SelectItem'.
src/pages/dashboard/SecretaryTransactions.tsx(189,20): error TS2304: Cannot find name 'SelectItem'.
src/pages/dashboard/SecretaryTransactions.tsx(189,56): error TS2304: Cannot find name 'SelectItem'.
src/pages/dashboard/SecretaryTransactions.tsx(190,20): error TS2304: Cannot find name 'SelectItem'.
src/pages/dashboard/SecretaryTransactions.tsx(190,66): error TS2304: Cannot find name 'SelectItem'.
src/pages/dashboard/SecretaryTransactions.tsx(191,20): error TS2304: Cannot find name 'SelectItem'.
src/pages/dashboard/SecretaryTransactions.tsx(191,58): error TS2304: Cannot find name 'SelectItem'.
src/pages/dashboard/SecretaryTransactions.tsx(192,20): error TS2304: Cannot find name 'SelectItem'.
src/pages/dashboard/SecretaryTransactions.tsx(192,50): error TS2304: Cannot find name 'SelectItem'.
src/pages/dashboard/SecretaryTransactions.tsx(193,20): error TS2304: Cannot find name 'SelectItem'.
src/pages/dashboard/SecretaryTransactions.tsx(193,70): error TS2304: Cannot find name 'SelectItem'.
src/pages/dashboard/SecretaryTransactions.tsx(194,19): error TS2304: Cannot find name 'SelectContent'.
src/pages/dashboard/SecretaryTransactions.tsx(195,17): error TS2304: Cannot find name 'Select'.
src/pages/dashboard/SecretaryTransactions.tsx(199,16): error TS2304: Cannot find name 'Select'.
src/pages/dashboard/SecretaryTransactions.tsx(200,18): error TS2304: Cannot find name 'SelectTrigger'.
src/pages/dashboard/SecretaryTransactions.tsx(201,20): error TS2304: Cannot find name 'SelectValue'.
src/pages/dashboard/SecretaryTransactions.tsx(202,19): error TS2304: Cannot find name 'SelectTrigger'.
src/pages/dashboard/SecretaryTransactions.tsx(203,18): error TS2304: Cannot find name 'SelectContent'.
src/pages/dashboard/SecretaryTransactions.tsx(204,20): error TS2304: Cannot find name 'SelectItem'.
src/pages/dashboard/SecretaryTransactions.tsx(204,57): error TS2304: Cannot find name 'SelectItem'.
src/pages/dashboard/SecretaryTransactions.tsx(205,20): error TS2304: Cannot find name 'SelectItem'.
src/pages/dashboard/SecretaryTransactions.tsx(205,59): error TS2304: Cannot find name 'SelectItem'.
src/pages/dashboard/SecretaryTransactions.tsx(206,20): error TS2304: Cannot find name 'SelectItem'.
src/pages/dashboard/SecretaryTransactions.tsx(206,58): error TS2304: Cannot find name 'SelectItem'.
src/pages/dashboard/SecretaryTransactions.tsx(207,20): error TS2304: Cannot find name 'SelectItem'.
src/pages/dashboard/SecretaryTransactions.tsx(207,58): error TS2304: Cannot find name 'SelectItem'.
src/pages/dashboard/SecretaryTransactions.tsx(208,19): error TS2304: Cannot find name 'SelectContent'.
src/pages/dashboard/SecretaryTransactions.tsx(209,17): error TS2304: Cannot find name 'Select'.
src/pages/dashboard/SecretaryTransactions.tsx(213,16): error TS2304: Cannot find name 'Input'.
src/pages/dashboard/SecretaryTransactions.tsx(221,16): error TS2304: Cannot find name 'Input'.
src/pages/dashboard/SecretaryTransactions.tsx(227,14): error TS2304: Cannot find name 'Button'.
src/pages/dashboard/SecretaryTransactions.tsx(230,15): error TS2304: Cannot find name 'Button'.
src/pages/dashboard/SecretaryTransactions.tsx(232,11): error TS2304: Cannot find name 'CardContent'.
src/pages/dashboard/SecretaryTransactions.tsx(233,9): error TS2304: Cannot find name 'Card'.
src/pages/dashboard/SecretaryTransactions.tsx(236,8): error TS2304: Cannot find name 'Card'.
src/pages/dashboard/SecretaryTransactions.tsx(237,10): error TS2304: Cannot find name 'CardHeader'.
src/pages/dashboard/SecretaryTransactions.tsx(238,12): error TS2304: Cannot find name 'CardTitle'.
src/pages/dashboard/SecretaryTransactions.tsx(238,82): error TS2304: Cannot find name 'CardTitle'.
src/pages/dashboard/SecretaryTransactions.tsx(239,11): error TS2304: Cannot find name 'CardHeader'.
src/pages/dashboard/SecretaryTransactions.tsx(240,10): error TS2304: Cannot find name 'CardContent'.
src/pages/dashboard/SecretaryTransactions.tsx(253,16): error TS2304: Cannot find name 'Table'.
src/pages/dashboard/SecretaryTransactions.tsx(254,18): error TS2304: Cannot find name 'TableHeader'.
src/pages/dashboard/SecretaryTransactions.tsx(255,20): error TS2304: Cannot find name 'TableRow'.
src/pages/dashboard/SecretaryTransactions.tsx(256,22): error TS2304: Cannot find name 'TableHead'.
src/pages/dashboard/SecretaryTransactions.tsx(256,80): error TS2304: Cannot find name 'TableHead'.
src/pages/dashboard/SecretaryTransactions.tsx(257,22): error TS2304: Cannot find name 'TableHead'.
src/pages/dashboard/SecretaryTransactions.tsx(257,80): error TS2304: Cannot find name 'TableHead'.
src/pages/dashboard/SecretaryTransactions.tsx(258,22): error TS2304: Cannot find name 'TableHead'.
src/pages/dashboard/SecretaryTransactions.tsx(258,87): error TS2304: Cannot find name 'TableHead'.
src/pages/dashboard/SecretaryTransactions.tsx(259,22): error TS2304: Cannot find name 'TableHead'.
src/pages/dashboard/SecretaryTransactions.tsx(259,82): error TS2304: Cannot find name 'TableHead'.
src/pages/dashboard/SecretaryTransactions.tsx(260,22): error TS2304: Cannot find name 'TableHead'.
src/pages/dashboard/SecretaryTransactions.tsx(260,82): error TS2304: Cannot find name 'TableHead'.
src/pages/dashboard/SecretaryTransactions.tsx(261,22): error TS2304: Cannot find name 'TableHead'.
src/pages/dashboard/SecretaryTransactions.tsx(261,84): error TS2304: Cannot find name 'TableHead'.
src/pages/dashboard/SecretaryTransactions.tsx(262,22): error TS2304: Cannot find name 'TableHead'.
src/pages/dashboard/SecretaryTransactions.tsx(262,83): error TS2304: Cannot find name 'TableHead'.
src/pages/dashboard/SecretaryTransactions.tsx(263,21): error TS2304: Cannot find name 'TableRow'.
src/pages/dashboard/SecretaryTransactions.tsx(264,19): error TS2304: Cannot find name 'TableHeader'.
src/pages/dashboard/SecretaryTransactions.tsx(265,18): error TS2304: Cannot find name 'TableBody'.
src/pages/dashboard/SecretaryTransactions.tsx(267,22): error TS2304: Cannot find name 'TableRow'.
src/pages/dashboard/SecretaryTransactions.tsx(268,24): error TS2304: Cannot find name 'TableCell'.
src/pages/dashboard/SecretaryTransactions.tsx(273,25): error TS2304: Cannot find name 'TableCell'.
src/pages/dashboard/SecretaryTransactions.tsx(274,24): error TS2304: Cannot find name 'TableCell'.
src/pages/dashboard/SecretaryTransactions.tsx(279,25): error TS2304: Cannot find name 'TableCell'.
src/pages/dashboard/SecretaryTransactions.tsx(280,24): error TS2304: Cannot find name 'TableCell'.
src/pages/dashboard/SecretaryTransactions.tsx(284,25): error TS2304: Cannot find name 'TableCell'.
src/pages/dashboard/SecretaryTransactions.tsx(285,24): error TS2304: Cannot find name 'TableCell'.
src/pages/dashboard/SecretaryTransactions.tsx(292,25): error TS2304: Cannot find name 'TableCell'.
src/pages/dashboard/SecretaryTransactions.tsx(293,24): error TS2304: Cannot find name 'TableCell'.
src/pages/dashboard/SecretaryTransactions.tsx(294,26): error TS2304: Cannot find name 'Badge'.
src/pages/dashboard/SecretaryTransactions.tsx(296,27): error TS2304: Cannot find name 'Badge'.
src/pages/dashboard/SecretaryTransactions.tsx(297,25): error TS2304: Cannot find name 'TableCell'.
src/pages/dashboard/SecretaryTransactions.tsx(298,24): error TS2304: Cannot find name 'TableCell'.
src/pages/dashboard/SecretaryTransactions.tsx(300,25): error TS2304: Cannot find name 'TableCell'.
src/pages/dashboard/SecretaryTransactions.tsx(301,24): error TS2304: Cannot find name 'TableCell'.
src/pages/dashboard/SecretaryTransactions.tsx(302,26): error TS2304: Cannot find name 'Button'.
src/pages/dashboard/SecretaryTransactions.tsx(309,27): error TS2304: Cannot find name 'Button'.
src/pages/dashboard/SecretaryTransactions.tsx(310,25): error TS2304: Cannot find name 'TableCell'.
src/pages/dashboard/SecretaryTransactions.tsx(311,23): error TS2304: Cannot find name 'TableRow'.
src/pages/dashboard/SecretaryTransactions.tsx(313,19): error TS2304: Cannot find name 'TableBody'.
src/pages/dashboard/SecretaryTransactions.tsx(314,17): error TS2304: Cannot find name 'Table'.
src/pages/dashboard/SecretaryTransactions.tsx(317,11): error TS2304: Cannot find name 'CardContent'.
src/pages/dashboard/SecretaryTransactions.tsx(318,9): error TS2304: Cannot find name 'Card'.
src/pages/dashboard/SecretaryTransactions.tsx(321,8): error TS2304: Cannot find name 'Dialog'.
src/pages/dashboard/SecretaryTransactions.tsx(322,10): error TS2304: Cannot find name 'DialogContent'.
src/pages/dashboard/SecretaryTransactions.tsx(325,16): error TS2304: Cannot find name 'DialogHeader'.
src/pages/dashboard/SecretaryTransactions.tsx(326,18): error TS2304: Cannot find name 'DialogTitle'.
src/pages/dashboard/SecretaryTransactions.tsx(326,93): error TS2304: Cannot find name 'DialogTitle'.
src/pages/dashboard/SecretaryTransactions.tsx(327,17): error TS2304: Cannot find name 'DialogHeader'.
src/pages/dashboard/SecretaryTransactions.tsx(336,22): error TS2304: Cannot find name 'Badge'.
src/pages/dashboard/SecretaryTransactions.tsx(338,23): error TS2304: Cannot find name 'Badge'.
src/pages/dashboard/SecretaryTransactions.tsx(387,11): error TS2304: Cannot find name 'DialogContent'.
src/pages/dashboard/SecretaryTransactions.tsx(388,9): error TS2304: Cannot find name 'Dialog'.
src/pages/dashboard/SecurityDashboard.tsx(139,31): error TS2339: Property 'totalUsers' does not exist on type '{}'.
